src/Process.cpp: In member function 'void OSProcess::executeNextInstruction(int)':
src/Process.cpp:16:44: warning: unused parameter 'coreId' [-Wunused-parameter]
   16 | void OSProcess::executeNextInstruction(int coreId) {
      |                                        ~~~~^~~~~~
